
> mohamed-store@1.1.0 build
> next build

  Ôû▓ Next.js 14.2.15
  - Environments: .env.local

   Creating an optimized production build ...
 Ô£ô Compiled successfully
   Linting and checking validity of types ...
   Collecting page data ...
   Generating static pages (0/19) ...
   Generating static pages (4/19) 
   Generating static pages (9/19) 
   Generating static pages (14/19) 
 Ô£ô Generating static pages (19/19)
   Finalizing page optimization ...
   Collecting build traces ...

Route (app)                              Size     First Load JS
Ôöî Ôùï /                                    515 B          87.7 kB
Ôö£ Ôùï /_not-found                          873 B          88.1 kB
Ôö£ Ôùï /admin                               136 B          87.3 kB
Ôö£ Ôùï /admin/dashboard                     2.89 kB         204 kB
Ôö£ Ôùï /admin/login                         2.64 kB         208 kB
Ôö£ Ôùï /admin/orders                        4.57 kB         216 kB
Ôö£ Ôùï /admin/products                      51.6 kB         257 kB
Ôö£ Ôùï /admin/profile                       2.5 kB          208 kB
Ôö£ Ôùï /admin/secretaries                   7.83 kB         214 kB
Ôö£ Ôùï /admin/ui-settings                   6.9 kB          213 kB
Ôö£ Ôùï /contact                             3.09 kB         258 kB
Ôö£ Ôùï /icon.png                            0 B                0 B
Ôö£ Ôùï /login                               2.79 kB         251 kB
Ôö£ Ôùï /profile                             6.38 kB         261 kB
Ôö£ Ôùï /secretary/dashboard                 5.04 kB         216 kB
Ôö£ Ôùï /secretary/login                     3.54 kB         246 kB
Ôöö Ôùï /services                            3.11 kB         253 kB
+ First Load JS shared by all            87.2 kB
  Ôö£ chunks/117-0c680ef015f4796e.js       31.6 kB
  Ôö£ chunks/fd9d1056-6d4c8929044662da.js  53.6 kB
  Ôöö other shared chunks (total)          1.95 kB


Ôùï  (Static)  prerendered as static content

